>>> 
>>> 
>>> import csv
>>> with open("/Users/jerclark/Desktop/abalone.csv", "rb") as datafile:
...     datareader = csv.reader(datafile)
...     for abalone in datareader:
...             print ', '.join(abalone)
... 
M, 0.455, 0.365, 0.095, 0.514, 0.2245, 0.101, 0.15, 15
M, 0.35, 0.265, 0.09, 0.2255, 0.0995, 0.0485, 0.07, 7
F, 0.53, 0.42, 0.135, 0.677, 0.2565, 0.1415, 0.21, 9
M, 0.44, 0.365, 0.125, 0.516, 0.2155, 0.114, 0.155, 10
I, 0.33, 0.255, 0.08, 0.205, 0.0895, 0.0395, 0.055, 7
I, 0.425, 0.3, 0.095, 0.3515, 0.141, 0.0775, 0.12, 8
F, 0.53, 0.415, 0.15, 0.7775, 0.237, 0.1415, 0.33, 20
F, 0.545, 0.425, 0.125, 0.768, 0.294, 0.1495, 0.26, 16
M, 0.475, 0.37, 0.125, 0.5095, 0.2165, 0.1125, 0.165, 9
F, 0.55, 0.44, 0.15, 0.8945, 0.3145, 0.151, 0.32, 19
F, 0.525, 0.38, 0.14, 0.6065, 0.194, 0.1475, 0.21, 14
...
F, 0.56, 0.44, 0.135, 0.8025, 0.35, 0.1615, 0.259, 9
F, 0.585, 0.475, 0.165, 1.053, 0.458, 0.217, 0.3, 11
F, 0.585, 0.455, 0.17, 0.9945, 0.4255, 0.263, 0.2845, 11
M, 0.385, 0.255, 0.1, 0.3175, 0.137, 0.068, 0.092, 8
I, 0.39, 0.31, 0.085, 0.344, 0.181, 0.0695, 0.079, 7
I, 0.39, 0.29, 0.1, 0.2845, 0.1255, 0.0635, 0.081, 7
I, 0.405, 0.3, 0.085, 0.3035, 0.15, 0.0505, 0.088, 7
I, 0.475, 0.365, 0.115, 0.499, 0.232, 0.0885, 0.156, 10
M, 0.5, 0.38, 0.125, 0.577, 0.269, 0.1265, 0.1535, 9
F, 0.515, 0.4, 0.125, 0.615, 0.2865, 0.123, 0.1765, 8
M, 0.52, 0.385, 0.165, 0.791, 0.375, 0.18, 0.1815, 10
M, 0.55, 0.43, 0.13, 0.8395, 0.3155, 0.1955, 0.2405, 10
M, 0.56, 0.43, 0.155, 0.8675, 0.4, 0.172, 0.229, 8
F, 0.565, 0.45, 0.165, 0.887, 0.37, 0.239, 0.249, 11
M, 0.59, 0.44, 0.135, 0.966, 0.439, 0.2145, 0.2605, 10
M, 0.6, 0.475, 0.205, 1.176, 0.5255, 0.2875, 0.308, 9
F, 0.625, 0.485, 0.15, 1.0945, 0.531, 0.261, 0.296, 10
M, 0.71, 0.555, 0.195, 1.9485, 0.9455, 0.3765, 0.495, 12
>>> 
>>> 
>>> 
>>> import numpy as np
>>> d = np.loadtext("/Users/jerclark/Desktop/abalone.csv", delimiter=",")
Traceback (most recent call last):
  File "<stdin>", line 1, in <module>
AttributeError: 'module' object has no attribute 'loadtext'
>>> d = np.loadtxt("/Users/jerclark/Desktop/abalone.csv", delimiter=",")
Traceback (most recent call last):
  File "<stdin>", line 1, in <module>
  File "/Users/jerclark/anaconda2/lib/python2.7/site-packages/numpy/lib/npyio.py", line 930, in loadtxt
    items = [conv(val) for (conv, val) in zip(converters, vals)]
  File "/Users/jerclark/anaconda2/lib/python2.7/site-packages/numpy/lib/npyio.py", line 659, in floatconv
    return float(x)
ValueError: could not convert string to float: M
>>> 
>>> 
>>> dt = np.dtype([('sex', np.str_, 1), ('', np.float_, (2,))]
... )
>>> dt
dtype([('sex', 'S1'), ('f1', '<f8', (2,))])
>>> 
>>> 
>>> d = np.loadtxt('/Users/jerclark/Desktop/abalone.csv', dtype=dt, delimiter=',')
>>> d
array([('M', [0.455, 0.365]), ('M', [0.35, 0.265]), ('F', [0.53, 0.42]),
       ..., ('M', [0.6, 0.475]), ('F', [0.625, 0.485]),
       ('M', [0.71, 0.555])], 
      dtype=[('sex', 'S1'), ('f1', '<f8', (2,))])
>>> d = np.loadtxt('/Users/jerclark/Desktop/abalone.csv', delimiter=',')
Traceback (most recent call last):
  File "<stdin>", line 1, in <module>
  File "/Users/jerclark/anaconda2/lib/python2.7/site-packages/numpy/lib/npyio.py", line 930, in loadtxt
    items = [conv(val) for (conv, val) in zip(converters, vals)]
  File "/Users/jerclark/anaconda2/lib/python2.7/site-packages/numpy/lib/npyio.py", line 659, in floatconv
    return float(x)
ValueError: could not convert string to float: M
>>> 
>>> 
>>> dt = np.dtype([('sex', np.str_, 1), ('length', np.float_, 1), ('diameter', np.float_, 1), ('height', np.float_, 1), ('whole_weight', np.float_, 1), ('shucked_weight', np.float_, 1), ('viscera_weight', np.float_, 1), ('shell_weight', np.float_, 1), ('rings', np.int_, 1)])
>>> dt
dtype([('sex', 'S1'), ('length', '<f8'), ('diameter', '<f8'), ('height', '<f8'), ('whole_weight', '<f8'), ('shucked_weight', '<f8'), ('viscera_weight', '<f8'), ('shell_weight', '<f8'), ('rings', '<i8')])
>>> d = np.loadtxt('/Users/jerclark/Desktop/abalone.csv', dtype=dt, delimiter=',')
>>> d
array([('M', 0.455, 0.365, 0.095, 0.514, 0.2245, 0.101, 0.15, 15),
       ('M', 0.35, 0.265, 0.09, 0.2255, 0.0995, 0.0485, 0.07, 7),
       ('F', 0.53, 0.42, 0.135, 0.677, 0.2565, 0.1415, 0.21, 9), ...,
       ('M', 0.6, 0.475, 0.205, 1.176, 0.5255, 0.2875, 0.308, 9),
       ('F', 0.625, 0.485, 0.15, 1.0945, 0.531, 0.261, 0.296, 10),
       ('M', 0.71, 0.555, 0.195, 1.9485, 0.9455, 0.3765, 0.495, 12)], 
      dtype=[('sex', 'S1'), ('length', '<f8'), ('diameter', '<f8'), ('height', '<f8'), ('whole_weight', '<f8'), ('shucked_weight', '<f8'), ('viscera_weight', '<f8'), ('shell_weight', '<f8'), ('rings', '<i8')])
>>> d.length
Traceback (most recent call last):
  File "<stdin>", line 1, in <module>
AttributeError: 'numpy.ndarray' object has no attribute 'length'
>>> d.count
Traceback (most recent call last):
  File "<stdin>", line 1, in <module>
AttributeError: 'numpy.ndarray' object has no attribute 'count'
>>> d.shape
(4177,)
>>> d[0]
('M', 0.455, 0.365, 0.095, 0.514, 0.2245, 0.101, 0.15, 15)
>>> d[1]
('M', 0.35, 0.265, 0.09, 0.2255, 0.0995, 0.0485, 0.07, 7)
>>> d[1]['sex']
'M'
>>> 
>>> 
>>> import pandas as pd
p>>> pd
<module 'pandas' from '/Users/jerclark/anaconda2/lib/python2.7/site-packages/pandas/__init__.pyc'>
>>> 
>>> 
>>> d = pd.read_csv("/Users/jerclark/Desktop/abalone.csv")
>>> d
      M  0.455  0.365  0.095   0.514  0.2245   0.101    0.15  15
0     M  0.350  0.265  0.090  0.2255  0.0995  0.0485  0.0700   7
1     F  0.530  0.420  0.135  0.6770  0.2565  0.1415  0.2100   9
2     M  0.440  0.365  0.125  0.5160  0.2155  0.1140  0.1550  10
3     I  0.330  0.255  0.080  0.2050  0.0895  0.0395  0.0550   7
4     I  0.425  0.300  0.095  0.3515  0.1410  0.0775  0.1200   8
5     F  0.530  0.415  0.150  0.7775  0.2370  0.1415  0.3300  20
6     F  0.545  0.425  0.125  0.7680  0.2940  0.1495  0.2600  16
7     M  0.475  0.370  0.125  0.5095  0.2165  0.1125  0.1650   9
8     F  0.550  0.440  0.150  0.8945  0.3145  0.1510  0.3200  19
9     F  0.525  0.380  0.140  0.6065  0.1940  0.1475  0.2100  14
10    M  0.430  0.350  0.110  0.4060  0.1675  0.0810  0.1350  10
11    M  0.490  0.380  0.135  0.5415  0.2175  0.0950  0.1900  11
12    F  0.535  0.405  0.145  0.6845  0.2725  0.1710  0.2050  10
13    F  0.470  0.355  0.100  0.4755  0.1675  0.0805  0.1850  10
14    M  0.500  0.400  0.130  0.6645  0.2580  0.1330  0.2400  12
15    I  0.355  0.280  0.085  0.2905  0.0950  0.0395  0.1150   7
16    F  0.440  0.340  0.100  0.4510  0.1880  0.0870  0.1300  10
17    M  0.365  0.295  0.080  0.2555  0.0970  0.0430  0.1000   7
18    M  0.450  0.320  0.100  0.3810  0.1705  0.0750  0.1150   9
19    M  0.355  0.280  0.095  0.2455  0.0955  0.0620  0.0750  11
20    I  0.380  0.275  0.100  0.2255  0.0800  0.0490  0.0850  10
21    F  0.565  0.440  0.155  0.9395  0.4275  0.2140  0.2700  12
22    F  0.550  0.415  0.135  0.7635  0.3180  0.2100  0.2000   9
23    F  0.615  0.480  0.165  1.1615  0.5130  0.3010  0.3050  10
24    F  0.560  0.440  0.140  0.9285  0.3825  0.1880  0.3000  11
25    F  0.580  0.450  0.185  0.9955  0.3945  0.2720  0.2850  11
26    M  0.590  0.445  0.140  0.9310  0.3560  0.2340  0.2800  12
27    M  0.605  0.475  0.180  0.9365  0.3940  0.2190  0.2950  15
28    M  0.575  0.425  0.140  0.8635  0.3930  0.2270  0.2000  11
29    M  0.580  0.470  0.165  0.9975  0.3935  0.2420  0.3300  10
...  ..    ...    ...    ...     ...     ...     ...     ...  ..
4146  M  0.695  0.550  0.195  1.6645  0.7270  0.3600  0.4450  11
4147  M  0.770  0.605  0.175  2.0505  0.8005  0.5260  0.3550  11
4148  I  0.280  0.215  0.070  0.1240  0.0630  0.0215  0.0300   6
4149  I  0.330  0.230  0.080  0.1400  0.0565  0.0365  0.0460   7
4150  I  0.350  0.250  0.075  0.1695  0.0835  0.0355  0.0410   6
4151  I  0.370  0.280  0.090  0.2180  0.0995  0.0545  0.0615   7
4152  I  0.430  0.315  0.115  0.3840  0.1885  0.0715  0.1100   8
4153  I  0.435  0.330  0.095  0.3930  0.2190  0.0750  0.0885   6
4154  I  0.440  0.350  0.110  0.3805  0.1575  0.0895  0.1150   6
4155  M  0.475  0.370  0.110  0.4895  0.2185  0.1070  0.1460   8
4156  M  0.475  0.360  0.140  0.5135  0.2410  0.1045  0.1550   8
4157  I  0.480  0.355  0.110  0.4495  0.2010  0.0890  0.1400   8
4158  F  0.560  0.440  0.135  0.8025  0.3500  0.1615  0.2590   9
4159  F  0.585  0.475  0.165  1.0530  0.4580  0.2170  0.3000  11
4160  F  0.585  0.455  0.170  0.9945  0.4255  0.2630  0.2845  11
4161  M  0.385  0.255  0.100  0.3175  0.1370  0.0680  0.0920   8
4162  I  0.390  0.310  0.085  0.3440  0.1810  0.0695  0.0790   7
4163  I  0.390  0.290  0.100  0.2845  0.1255  0.0635  0.0810   7
4164  I  0.405  0.300  0.085  0.3035  0.1500  0.0505  0.0880   7
4165  I  0.475  0.365  0.115  0.4990  0.2320  0.0885  0.1560  10
4166  M  0.500  0.380  0.125  0.5770  0.2690  0.1265  0.1535   9
4167  F  0.515  0.400  0.125  0.6150  0.2865  0.1230  0.1765   8
4168  M  0.520  0.385  0.165  0.7910  0.3750  0.1800  0.1815  10
4169  M  0.550  0.430  0.130  0.8395  0.3155  0.1955  0.2405  10
4170  M  0.560  0.430  0.155  0.8675  0.4000  0.1720  0.2290   8
4171  F  0.565  0.450  0.165  0.8870  0.3700  0.2390  0.2490  11
4172  M  0.590  0.440  0.135  0.9660  0.4390  0.2145  0.2605  10
4173  M  0.600  0.475  0.205  1.1760  0.5255  0.2875  0.3080   9
4174  F  0.625  0.485  0.150  1.0945  0.5310  0.2610  0.2960  10
4175  M  0.710  0.555  0.195  1.9485  0.9455  0.3765  0.4950  12

[4176 rows x 9 columns]
>>> 
>>> 
>>> 
>>> d = pd.read_csv("/Users/jerclark/Desktop/abalone.csv", header=None, names=["sex", "length", "width", "whole_weight", "shucked_weight", "viscera_weight", "shell_weight", "Rings"])
>>> d
      sex  length  width  whole_weight  shucked_weight  viscera_weight  \
M   0.455   0.365  0.095        0.5140          0.2245          0.1010   
M   0.350   0.265  0.090        0.2255          0.0995          0.0485   
F   0.530   0.420  0.135        0.6770          0.2565          0.1415   
M   0.440   0.365  0.125        0.5160          0.2155          0.1140   
I   0.330   0.255  0.080        0.2050          0.0895          0.0395   
I   0.425   0.300  0.095        0.3515          0.1410          0.0775   
F   0.530   0.415  0.150        0.7775          0.2370          0.1415   
F   0.545   0.425  0.125        0.7680          0.2940          0.1495   
M   0.475   0.370  0.125        0.5095          0.2165          0.1125   
F   0.550   0.440  0.150        0.8945          0.3145          0.1510   
F   0.525   0.380  0.140        0.6065          0.1940          0.1475   
M   0.430   0.350  0.110        0.4060          0.1675          0.0810   
M   0.490   0.380  0.135        0.5415          0.2175          0.0950   
F   0.535   0.405  0.145        0.6845          0.2725          0.1710   
F   0.470   0.355  0.100        0.4755          0.1675          0.0805   
M   0.500   0.400  0.130        0.6645          0.2580          0.1330   
I   0.355   0.280  0.085        0.2905          0.0950          0.0395   
F   0.440   0.340  0.100        0.4510          0.1880          0.0870   
M   0.365   0.295  0.080        0.2555          0.0970          0.0430   
M   0.450   0.320  0.100        0.3810          0.1705          0.0750   
M   0.355   0.280  0.095        0.2455          0.0955          0.0620   
I   0.380   0.275  0.100        0.2255          0.0800          0.0490   
F   0.565   0.440  0.155        0.9395          0.4275          0.2140   
F   0.550   0.415  0.135        0.7635          0.3180          0.2100   
F   0.615   0.480  0.165        1.1615          0.5130          0.3010   
F   0.560   0.440  0.140        0.9285          0.3825          0.1880   
F   0.580   0.450  0.185        0.9955          0.3945          0.2720   
M   0.590   0.445  0.140        0.9310          0.3560          0.2340   
M   0.605   0.475  0.180        0.9365          0.3940          0.2190   
M   0.575   0.425  0.140        0.8635          0.3930          0.2270   
..    ...     ...    ...           ...             ...             ...   
M   0.695   0.550  0.195        1.6645          0.7270          0.3600   
M   0.770   0.605  0.175        2.0505          0.8005          0.5260   
I   0.280   0.215  0.070        0.1240          0.0630          0.0215   
I   0.330   0.230  0.080        0.1400          0.0565          0.0365   
I   0.350   0.250  0.075        0.1695          0.0835          0.0355   
I   0.370   0.280  0.090        0.2180          0.0995          0.0545   
I   0.430   0.315  0.115        0.3840          0.1885          0.0715   
I   0.435   0.330  0.095        0.3930          0.2190          0.0750   
I   0.440   0.350  0.110        0.3805          0.1575          0.0895   
M   0.475   0.370  0.110        0.4895          0.2185          0.1070   
M   0.475   0.360  0.140        0.5135          0.2410          0.1045   
I   0.480   0.355  0.110        0.4495          0.2010          0.0890   
F   0.560   0.440  0.135        0.8025          0.3500          0.1615   
F   0.585   0.475  0.165        1.0530          0.4580          0.2170   
F   0.585   0.455  0.170        0.9945          0.4255          0.2630   
M   0.385   0.255  0.100        0.3175          0.1370          0.0680   
I   0.390   0.310  0.085        0.3440          0.1810          0.0695   
I   0.390   0.290  0.100        0.2845          0.1255          0.0635   
I   0.405   0.300  0.085        0.3035          0.1500          0.0505   
I   0.475   0.365  0.115        0.4990          0.2320          0.0885   
M   0.500   0.380  0.125        0.5770          0.2690          0.1265   
F   0.515   0.400  0.125        0.6150          0.2865          0.1230   
M   0.520   0.385  0.165        0.7910          0.3750          0.1800   
M   0.550   0.430  0.130        0.8395          0.3155          0.1955   
M   0.560   0.430  0.155        0.8675          0.4000          0.1720   
F   0.565   0.450  0.165        0.8870          0.3700          0.2390   
M   0.590   0.440  0.135        0.9660          0.4390          0.2145   
M   0.600   0.475  0.205        1.1760          0.5255          0.2875   
F   0.625   0.485  0.150        1.0945          0.5310          0.2610   
M   0.710   0.555  0.195        1.9485          0.9455          0.3765   

    shell_weight  Rings  
M         0.1500     15  
M         0.0700      7  
F         0.2100      9  
M         0.1550     10  
I         0.0550      7  
I         0.1200      8  
F         0.3300     20  
F         0.2600     16  
M         0.1650      9  
F         0.3200     19  
F         0.2100     14  
M         0.1350     10  
M         0.1900     11  
F         0.2050     10  
F         0.1850     10  
M         0.2400     12  
I         0.1150      7  
F         0.1300     10  
M         0.1000      7  
M         0.1150      9  
M         0.0750     11  
I         0.0850     10  
F         0.2700     12  
F         0.2000      9  
F         0.3050     10  
F         0.3000     11  
F         0.2850     11  
M         0.2800     12  
M         0.2950     15  
M         0.2000     11  
..           ...    ...  
M         0.4450     11  
M         0.3550     11  
I         0.0300      6  
I         0.0460      7  
I         0.0410      6  
I         0.0615      7  
I         0.1100      8  
I         0.0885      6  
I         0.1150      6  
M         0.1460      8  
M         0.1550      8  
I         0.1400      8  
F         0.2590      9  
F         0.3000     11  
F         0.2845     11  
M         0.0920      8  
I         0.0790      7  
I         0.0810      7  
I         0.0880      7  
I         0.1560     10  
M         0.1535      9  
F         0.1765      8  
M         0.1815     10  
M         0.2405     10  
M         0.2290      8  
F         0.2490     11  
M         0.2605     10  
M         0.3080      9  
F         0.2960     10  
M         0.4950     12  

[4177 rows x 8 columns]
>>> 
>>> 
>>> d = pd.read_csv("/Users/jerclark/Desktop/abalone.csv", header=None, names=["sex", "length", "width", "whole_weight", "shucked_weight", "viscera_weight", "shell_weight", "age"], converters={"age":lambda x:x+1.5})
Traceback (most recent call last):
  File "<stdin>", line 1, in <module>
  File "/Users/jerclark/anaconda2/lib/python2.7/site-packages/pandas/io/parsers.py", line 562, in parser_f
    return _read(filepath_or_buffer, kwds)
  File "/Users/jerclark/anaconda2/lib/python2.7/site-packages/pandas/io/parsers.py", line 325, in _read
    return parser.read()
  File "/Users/jerclark/anaconda2/lib/python2.7/site-packages/pandas/io/parsers.py", line 815, in read
    ret = self._engine.read(nrows)
  File "/Users/jerclark/anaconda2/lib/python2.7/site-packages/pandas/io/parsers.py", line 1314, in read
    data = self._reader.read(nrows)
  File "pandas/parser.pyx", line 805, in pandas.parser.TextReader.read (pandas/parser.c:8748)
  File "pandas/parser.pyx", line 827, in pandas.parser.TextReader._read_low_memory (pandas/parser.c:9003)
  File "pandas/parser.pyx", line 904, in pandas.parser.TextReader._read_rows (pandas/parser.c:10022)
  File "pandas/parser.pyx", line 1006, in pandas.parser.TextReader._convert_column_data (pandas/parser.c:11364)
  File "pandas/parser.pyx", line 2021, in pandas.parser._apply_converter (pandas/parser.c:26160)
  File "<stdin>", line 1, in <lambda>
TypeError: cannot concatenate 'str' and 'float' objects
>>> def ageFromRings(r):
...     return r + 1.5
... d = pd.read_csv("/Users/jerclark/Desktop/abalone.csv", header=None, names=["sex", "length", "width", "whole_weight", "shucked_weight", "viscera_weight", "shell_weight", "age"], converters={"age":ageFromRings})
  File "<stdin>", line 3
    d = pd.read_csv("/Users/jerclark/Desktop/abalone.csv", header=None, names=["sex", "length", "width", "whole_weight", "shucked_weight", "viscera_weight", "shell_weight", "age"], converters={"age":ageFromRings})
    ^
SyntaxError: invalid syntax
>>> ageFromRings
Traceback (most recent call last):
  File "<stdin>", line 1, in <module>
NameError: name 'ageFromRings' is not defined
>>> ageFromRings
Traceback (most recent call last):
  File "<stdin>", line 1, in <module>
NameError: name 'ageFromRings' is not defined
>>> def ageFromRings(r):
...     return float(r + 1.5)
... 
>>> ageFromRings
<function ageFromRings at 0x110a8fed8>
>>> d = pd.read_csv("/Users/jerclark/Desktop/abalone.csv", header=None, names=["sex", "length", "width", "whole_weight", "shucked_weight", "viscera_weight", "shell_weight", "age"], converters={"age":ageFromRings})
Traceback (most recent call last):
  File "<stdin>", line 1, in <module>
  File "/Users/jerclark/anaconda2/lib/python2.7/site-packages/pandas/io/parsers.py", line 562, in parser_f
    return _read(filepath_or_buffer, kwds)
  File "/Users/jerclark/anaconda2/lib/python2.7/site-packages/pandas/io/parsers.py", line 325, in _read
    return parser.read()
  File "/Users/jerclark/anaconda2/lib/python2.7/site-packages/pandas/io/parsers.py", line 815, in read
    ret = self._engine.read(nrows)
  File "/Users/jerclark/anaconda2/lib/python2.7/site-packages/pandas/io/parsers.py", line 1314, in read
    data = self._reader.read(nrows)
  File "pandas/parser.pyx", line 805, in pandas.parser.TextReader.read (pandas/parser.c:8748)
  File "pandas/parser.pyx", line 827, in pandas.parser.TextReader._read_low_memory (pandas/parser.c:9003)
  File "pandas/parser.pyx", line 904, in pandas.parser.TextReader._read_rows (pandas/parser.c:10022)
  File "pandas/parser.pyx", line 1006, in pandas.parser.TextReader._convert_column_data (pandas/parser.c:11364)
  File "pandas/parser.pyx", line 2021, in pandas.parser._apply_converter (pandas/parser.c:26160)
  File "<stdin>", line 2, in ageFromRings
TypeError: cannot concatenate 'str' and 'float' objects
>>> def ageFromRings(r):
...     return float(r) + 1.5
... 
>>> d = pd.read_csv("/Users/jerclark/Desktop/abalone.csv", header=None, names=["sex", "length", "width", "whole_weight", "shucked_weight", "viscera_weight", "shell_weight", "age"], converters={"age":ageFromRings})
>>> d
      sex  length  width  whole_weight  shucked_weight  viscera_weight  \
M   0.455   0.365  0.095        0.5140          0.2245          0.1010   
M   0.350   0.265  0.090        0.2255          0.0995          0.0485   
F   0.530   0.420  0.135        0.6770          0.2565          0.1415   
M   0.440   0.365  0.125        0.5160          0.2155          0.1140   
I   0.330   0.255  0.080        0.2050          0.0895          0.0395   
I   0.425   0.300  0.095        0.3515          0.1410          0.0775   
F   0.530   0.415  0.150        0.7775          0.2370          0.1415   
F   0.545   0.425  0.125        0.7680          0.2940          0.1495   
M   0.475   0.370  0.125        0.5095          0.2165          0.1125   
F   0.550   0.440  0.150        0.8945          0.3145          0.1510   
F   0.525   0.380  0.140        0.6065          0.1940          0.1475   
M   0.430   0.350  0.110        0.4060          0.1675          0.0810   
M   0.490   0.380  0.135        0.5415          0.2175          0.0950   
F   0.535   0.405  0.145        0.6845          0.2725          0.1710   
F   0.470   0.355  0.100        0.4755          0.1675          0.0805   
M   0.500   0.400  0.130        0.6645          0.2580          0.1330   
I   0.355   0.280  0.085        0.2905          0.0950          0.0395   
F   0.440   0.340  0.100        0.4510          0.1880          0.0870   
M   0.365   0.295  0.080        0.2555          0.0970          0.0430   
M   0.450   0.320  0.100        0.3810          0.1705          0.0750   
M   0.355   0.280  0.095        0.2455          0.0955          0.0620   
I   0.380   0.275  0.100        0.2255          0.0800          0.0490   
F   0.565   0.440  0.155        0.9395          0.4275          0.2140   
F   0.550   0.415  0.135        0.7635          0.3180          0.2100   
F   0.615   0.480  0.165        1.1615          0.5130          0.3010   
F   0.560   0.440  0.140        0.9285          0.3825          0.1880   
F   0.580   0.450  0.185        0.9955          0.3945          0.2720   
M   0.590   0.445  0.140        0.9310          0.3560          0.2340   
M   0.605   0.475  0.180        0.9365          0.3940          0.2190   
M   0.575   0.425  0.140        0.8635          0.3930          0.2270   
..    ...     ...    ...           ...             ...             ...   
M   0.695   0.550  0.195        1.6645          0.7270          0.3600   
M   0.770   0.605  0.175        2.0505          0.8005          0.5260   
I   0.280   0.215  0.070        0.1240          0.0630          0.0215   
I   0.330   0.230  0.080        0.1400          0.0565          0.0365   
I   0.350   0.250  0.075        0.1695          0.0835          0.0355   
I   0.370   0.280  0.090        0.2180          0.0995          0.0545   
I   0.430   0.315  0.115        0.3840          0.1885          0.0715   
I   0.435   0.330  0.095        0.3930          0.2190          0.0750   
I   0.440   0.350  0.110        0.3805          0.1575          0.0895   
M   0.475   0.370  0.110        0.4895          0.2185          0.1070   
M   0.475   0.360  0.140        0.5135          0.2410          0.1045   
I   0.480   0.355  0.110        0.4495          0.2010          0.0890   
F   0.560   0.440  0.135        0.8025          0.3500          0.1615   
F   0.585   0.475  0.165        1.0530          0.4580          0.2170   
F   0.585   0.455  0.170        0.9945          0.4255          0.2630   
M   0.385   0.255  0.100        0.3175          0.1370          0.0680   
I   0.390   0.310  0.085        0.3440          0.1810          0.0695   
I   0.390   0.290  0.100        0.2845          0.1255          0.0635   
I   0.405   0.300  0.085        0.3035          0.1500          0.0505   
I   0.475   0.365  0.115        0.4990          0.2320          0.0885   
M   0.500   0.380  0.125        0.5770          0.2690          0.1265   
F   0.515   0.400  0.125        0.6150          0.2865          0.1230   
M   0.520   0.385  0.165        0.7910          0.3750          0.1800   
M   0.550   0.430  0.130        0.8395          0.3155          0.1955   
M   0.560   0.430  0.155        0.8675          0.4000          0.1720   
F   0.565   0.450  0.165        0.8870          0.3700          0.2390   
M   0.590   0.440  0.135        0.9660          0.4390          0.2145   
M   0.600   0.475  0.205        1.1760          0.5255          0.2875   
F   0.625   0.485  0.150        1.0945          0.5310          0.2610   
M   0.710   0.555  0.195        1.9485          0.9455          0.3765   

    shell_weight   age  
M         0.1500  16.5  
M         0.0700   8.5  
F         0.2100  10.5  
M         0.1550  11.5  
I         0.0550   8.5  
I         0.1200   9.5  
F         0.3300  21.5  
F         0.2600  17.5  
M         0.1650  10.5  
F         0.3200  20.5  
F         0.2100  15.5  
M         0.1350  11.5  
M         0.1900  12.5  
F         0.2050  11.5  
F         0.1850  11.5  
M         0.2400  13.5  
I         0.1150   8.5  
F         0.1300  11.5  
M         0.1000   8.5  
M         0.1150  10.5  
M         0.0750  12.5  
I         0.0850  11.5  
F         0.2700  13.5  
F         0.2000  10.5  
F         0.3050  11.5  
F         0.3000  12.5  
F         0.2850  12.5  
M         0.2800  13.5  
M         0.2950  16.5  
M         0.2000  12.5  
..           ...   ...  
M         0.4450  12.5  
M         0.3550  12.5  
I         0.0300   7.5  
I         0.0460   8.5  
I         0.0410   7.5  
I         0.0615   8.5  
I         0.1100   9.5  
I         0.0885   7.5  
I         0.1150   7.5  
M         0.1460   9.5  
M         0.1550   9.5  
I         0.1400   9.5  
F         0.2590  10.5  
F         0.3000  12.5  
F         0.2845  12.5  
M         0.0920   9.5  
I         0.0790   8.5  
I         0.0810   8.5  
I         0.0880   8.5  
I         0.1560  11.5  
M         0.1535  10.5  
F         0.1765   9.5  
M         0.1815  11.5  
M         0.2405  11.5  
M         0.2290   9.5  
F         0.2490  12.5  
M         0.2605  11.5  
M         0.3080  10.5  
F         0.2960  11.5  
M         0.4950  13.5  

[4177 rows x 8 columns]
>>> 
>>> 
>>> 
>>> 
>>> d = pd.read_csv("/Users/jerclark/Desktop/abalone.csv", header=None, names=["sex", "length", "width", "whole_weight", "shucked_weight", "viscera_weight", "shell_weight", "age"], converters={"age": lambda r: float(r) + 1.5})
>>> d
      sex  length  width  whole_weight  shucked_weight  viscera_weight  \
M   0.455   0.365  0.095        0.5140          0.2245          0.1010   
M   0.350   0.265  0.090        0.2255          0.0995          0.0485   
F   0.530   0.420  0.135        0.6770          0.2565          0.1415   
M   0.440   0.365  0.125        0.5160          0.2155          0.1140   
I   0.330   0.255  0.080        0.2050          0.0895          0.0395   
I   0.425   0.300  0.095        0.3515          0.1410          0.0775   
F   0.530   0.415  0.150        0.7775          0.2370          0.1415   
F   0.545   0.425  0.125        0.7680          0.2940          0.1495   
M   0.475   0.370  0.125        0.5095          0.2165          0.1125   
F   0.550   0.440  0.150        0.8945          0.3145          0.1510   
F   0.525   0.380  0.140        0.6065          0.1940          0.1475   
M   0.430   0.350  0.110        0.4060          0.1675          0.0810   
M   0.490   0.380  0.135        0.5415          0.2175          0.0950   
F   0.535   0.405  0.145        0.6845          0.2725          0.1710   
F   0.470   0.355  0.100        0.4755          0.1675          0.0805   
M   0.500   0.400  0.130        0.6645          0.2580          0.1330   
I   0.355   0.280  0.085        0.2905          0.0950          0.0395   
F   0.440   0.340  0.100        0.4510          0.1880          0.0870   
M   0.365   0.295  0.080        0.2555          0.0970          0.0430   
M   0.450   0.320  0.100        0.3810          0.1705          0.0750   
M   0.355   0.280  0.095        0.2455          0.0955          0.0620   
I   0.380   0.275  0.100        0.2255          0.0800          0.0490   
F   0.565   0.440  0.155        0.9395          0.4275          0.2140   
F   0.550   0.415  0.135        0.7635          0.3180          0.2100   
F   0.615   0.480  0.165        1.1615          0.5130          0.3010   
F   0.560   0.440  0.140        0.9285          0.3825          0.1880   
F   0.580   0.450  0.185        0.9955          0.3945          0.2720   
M   0.590   0.445  0.140        0.9310          0.3560          0.2340   
M   0.605   0.475  0.180        0.9365          0.3940          0.2190   
M   0.575   0.425  0.140        0.8635          0.3930          0.2270   
..    ...     ...    ...           ...             ...             ...   
M   0.695   0.550  0.195        1.6645          0.7270          0.3600   
M   0.770   0.605  0.175        2.0505          0.8005          0.5260   
I   0.280   0.215  0.070        0.1240          0.0630          0.0215   
I   0.330   0.230  0.080        0.1400          0.0565          0.0365   
I   0.350   0.250  0.075        0.1695          0.0835          0.0355   
I   0.370   0.280  0.090        0.2180          0.0995          0.0545   
I   0.430   0.315  0.115        0.3840          0.1885          0.0715   
I   0.435   0.330  0.095        0.3930          0.2190          0.0750   
I   0.440   0.350  0.110        0.3805          0.1575          0.0895   
M   0.475   0.370  0.110        0.4895          0.2185          0.1070   
M   0.475   0.360  0.140        0.5135          0.2410          0.1045   
I   0.480   0.355  0.110        0.4495          0.2010          0.0890   
F   0.560   0.440  0.135        0.8025          0.3500          0.1615   
F   0.585   0.475  0.165        1.0530          0.4580          0.2170   
F   0.585   0.455  0.170        0.9945          0.4255          0.2630   
M   0.385   0.255  0.100        0.3175          0.1370          0.0680   
I   0.390   0.310  0.085        0.3440          0.1810          0.0695   
I   0.390   0.290  0.100        0.2845          0.1255          0.0635   
I   0.405   0.300  0.085        0.3035          0.1500          0.0505   
I   0.475   0.365  0.115        0.4990          0.2320          0.0885   
M   0.500   0.380  0.125        0.5770          0.2690          0.1265   
F   0.515   0.400  0.125        0.6150          0.2865          0.1230   
M   0.520   0.385  0.165        0.7910          0.3750          0.1800   
M   0.550   0.430  0.130        0.8395          0.3155          0.1955   
M   0.560   0.430  0.155        0.8675          0.4000          0.1720   
F   0.565   0.450  0.165        0.8870          0.3700          0.2390   
M   0.590   0.440  0.135        0.9660          0.4390          0.2145   
M   0.600   0.475  0.205        1.1760          0.5255          0.2875   
F   0.625   0.485  0.150        1.0945          0.5310          0.2610   
M   0.710   0.555  0.195        1.9485          0.9455          0.3765   

    shell_weight   age  
M         0.1500  16.5  
M         0.0700   8.5  
F         0.2100  10.5  
M         0.1550  11.5  
I         0.0550   8.5  
I         0.1200   9.5  
F         0.3300  21.5  
F         0.2600  17.5  
M         0.1650  10.5  
F         0.3200  20.5  
F         0.2100  15.5  
M         0.1350  11.5  
M         0.1900  12.5  
F         0.2050  11.5  
F         0.1850  11.5  
M         0.2400  13.5  
I         0.1150   8.5  
F         0.1300  11.5  
M         0.1000   8.5  
M         0.1150  10.5  
M         0.0750  12.5  
I         0.0850  11.5  
F         0.2700  13.5  
F         0.2000  10.5  
F         0.3050  11.5  
F         0.3000  12.5  
F         0.2850  12.5  
M         0.2800  13.5  
M         0.2950  16.5  
M         0.2000  12.5  
..           ...   ...  
M         0.4450  12.5  
M         0.3550  12.5  
I         0.0300   7.5  
I         0.0460   8.5  
I         0.0410   7.5  
I         0.0615   8.5  
I         0.1100   9.5  
I         0.0885   7.5  
I         0.1150   7.5  
M         0.1460   9.5  
M         0.1550   9.5  
I         0.1400   9.5  
F         0.2590  10.5  
F         0.3000  12.5  
F         0.2845  12.5  
M         0.0920   9.5  
I         0.0790   8.5  
I         0.0810   8.5  
I         0.0880   8.5  
I         0.1560  11.5  
M         0.1535  10.5  
F         0.1765   9.5  
M         0.1815  11.5  
M         0.2405  11.5  
M         0.2290   9.5  
F         0.2490  12.5  
M         0.2605  11.5  
M         0.3080  10.5  
F         0.2960  11.5  
M         0.4950  13.5  

[4177 rows x 8 columns]
>>> 
